23c013d (add maximum crop root depth as output parameters, 2025-09-17)
5c78379 (add et0 as output, 2025-09-17)
5aa21aa (create git log next to the program, 2025-02-13)
329019b (fix support for creating file in MS and UNIX, 2024-09-26)
b3a63fd (fix short input string, 2024-09-18)
e7a37a4 (add linux support, 2024-09-16)
cda821d (add resistance-to-stress parameter, 2024-06-09)
0a245cd (move to VSC, 2024-06-06)
1e9a1c2 (variable praw, 2024-02-05)
c2a7015 (variable praw, 2024-02-05)
bfb0184 (variable praw, 2024-02-05)
f26ebc9 (Update .gitignore, 2023-09-26)
79fc6a4 (add version to exe, 2023-09-26)
a88c775 (fix index error, 2023-09-26)
54e2c2a (fix pack function results, 2023-09-01)
89d5f61 (fix nodata in fc series, 2023-05-16)
942a258 (set fc to nodata when missing in crop pars, 2023-05-15)
aa30b92 (fixes after testing, 2023-05-15)
fb0815b (add cover fraction (fc) as input/output, 2023-05-15)
ed7e153 (example data, 2023-05-15)
6a4cbd9 (Update README.md, 2023-04-27)
581ecc9 (first commit, 2023-04-27)
4db9d5f (Initial commit, 2023-04-27)
